[
  {
    "value": "ARRAY",
    "type": "function",
    "subtype": "start"
  },
  {
    "value": "ARRAYROW",
    "type": "function",
    "subtype": "start"
  },
  {
    "value": "ARRAY",
    "type": "function",
    "subtype": "start"
  },
  {
    "value": "ARRAYROW",
    "type": "function",
    "subtype": "start"
  },
  {
    "value": "1",
    "type": "operand",
    "subtype": "number"
  },
  {
    "value": "",
    "type": "function",
    "subtype": "stop"
  },
  {
    "value": ",",
    "type": "argument",
    "subtype": ""
  },
  {
    "value": "ARRAYROW",
    "type": "function",
    "subtype": "start"
  },
  {
    "value": "2",
    "type": "operand",
    "subtype": "number"
  },
  {
    "value": "",
    "type": "function",
    "subtype": "stop"
  },
  {
    "value": "",
    "type": "function",
    "subtype": "stop"
  },
  {
    "value": ",",
    "type": "argument",
    "subtype": ""
  },
  {
    "value": "ARRAY",
    "type": "function",
    "subtype": "start"
  },
  {
    "value": "ARRAYROW",
    "type": "function",
    "subtype": "start"
  },
  {
    "value": "3",
    "type": "operand",
    "subtype": "number"
  },
  {
    "value": "",
    "type": "function",
    "subtype": "stop"
  },
  {
    "value": ",",
    "type": "argument",
    "subtype": ""
  },
  {
    "value": "ARRAYROW",
    "type": "function",
    "subtype": "start"
  },
  {
    "value": "4",
    "type": "operand",
    "subtype": "number"
  },
  {
    "value": "",
    "type": "function",
    "subtype": "stop"
  },
  {
    "value": "",
    "type": "function",
    "subtype": "stop"
  },
  {
    "value": "",
    "type": "function",
    "subtype": "stop"
  },
  {
    "value": "",
    "type": "function",
    "subtype": "stop"
  }
]
